{"time":"2025-05-14T08:34:35.533725539-06:00","level":"INFO","msg":"stream: starting","core version":"0.19.10","symlink path":"/home/lnavarro/tec/iap2/wandb/run-20250514_083433-ulxssos8/logs/debug-core.log"}
{"time":"2025-05-14T08:34:36.073039862-06:00","level":"INFO","msg":"created new stream","id":"ulxssos8"}
{"time":"2025-05-14T08:34:36.073142494-06:00","level":"INFO","msg":"handler: started","stream_id":"ulxssos8"}
{"time":"2025-05-14T08:34:36.0731831-06:00","level":"INFO","msg":"stream: started","id":"ulxssos8"}
{"time":"2025-05-14T08:34:36.073249972-06:00","level":"INFO","msg":"sender: started","stream_id":"ulxssos8"}
{"time":"2025-05-14T08:34:36.073351669-06:00","level":"INFO","msg":"writer: Do: started","stream_id":"ulxssos8"}
{"time":"2025-05-14T08:34:36.66745903-06:00","level":"INFO","msg":"Starting system monitor"}
{"time":"2025-05-14T08:48:37.565376185-06:00","level":"INFO","msg":"api: retrying HTTP error","status":502,"url":"https://api.wandb.ai/files/luiscantodd-tec-costa-rica/Audio-mnist/ulxssos8/file_stream","body":"\n<html><head>\n<meta http-equiv=\"content-type\" content=\"text/html;charset=utf-8\">\n<title>502 Server Error</title>\n</head>\n<body text=#000000 bgcolor=#ffffff>\n<h1>Error: Server Error</h1>\n<h2>The server encountered a temporary error and could not complete your request.<p>Please try again in 30 seconds.</h2>\n<h2></h2>\n</body></html>\n"}
{"time":"2025-05-14T08:52:36.93895149-06:00","level":"ERROR","msg":"HTTP error","status":404,"method":"POST","url":"https://api.wandb.ai/files/luiscantodd-tec-costa-rica/Audio-mnist/ulxssos8/file_stream"}
{"time":"2025-05-14T08:52:36.939667648-06:00","level":"ERROR+4","msg":"filestream: fatal error: filestream: failed to upload: 404 Not Found path=files/luiscantodd-tec-costa-rica/Audio-mnist/ulxssos8/file_stream: {\"error\":\"run Audio-mnist/ulxssos8 not found while streaming file\"}"}
{"time":"2025-05-14T08:53:17.605863341-06:00","level":"INFO","msg":"Stopping system monitor"}
{"time":"2025-05-14T08:53:17.605963123-06:00","level":"INFO","msg":"Stopped system monitor"}
{"time":"2025-05-14T08:53:17.704552343-06:00","level":"INFO","msg":"api: retrying HTTP error","status":409,"url":"https://api.wandb.ai/graphql","body":"{\"errors\":[{\"message\":\"run ulxssos8 was previously created and deleted; try a new run name\",\"path\":[\"upsertBucket\"]}],\"data\":{\"upsertBucket\":null}}"}
{"time":"2025-05-14T08:53:18.571201076-06:00","level":"INFO","msg":"handler: operation stats","stats":{"operations":[{"desc":"updating run config","runtime_seconds":1.005671574,"error_status":"retrying HTTP 409: run ulxssos8 was previously created and deleted; try a new run name"}],"total_operations":1}}
{"time":"2025-05-14T08:53:19.895890355-06:00","level":"INFO","msg":"api: retrying HTTP error","status":409,"url":"https://api.wandb.ai/graphql","body":"{\"errors\":[{\"message\":\"run ulxssos8 was previously created and deleted; try a new run name\",\"path\":[\"upsertBucket\"]}],\"data\":{\"upsertBucket\":null}}"}
{"time":"2025-05-14T08:53:24.857986203-06:00","level":"INFO","msg":"api: retrying HTTP error","status":409,"url":"https://api.wandb.ai/graphql","body":"{\"errors\":[{\"message\":\"run ulxssos8 was previously created and deleted; try a new run name\",\"path\":[\"upsertBucket\"]}],\"data\":{\"upsertBucket\":null}}"}
{"time":"2025-05-14T08:53:33.050048254-06:00","level":"INFO","msg":"api: retrying HTTP error","status":409,"url":"https://api.wandb.ai/graphql","body":"{\"errors\":[{\"message\":\"run ulxssos8 was previously created and deleted; try a new run name\",\"path\":[\"upsertBucket\"]}],\"data\":{\"upsertBucket\":null}}"}
{"time":"2025-05-14T08:53:51.393778469-06:00","level":"INFO","msg":"api: retrying HTTP error","status":409,"url":"https://api.wandb.ai/graphql","body":"{\"errors\":[{\"message\":\"run ulxssos8 was previously created and deleted; try a new run name\",\"path\":[\"upsertBucket\"]}],\"data\":{\"upsertBucket\":null}}"}
{"time":"2025-05-14T08:54:18.655820928-06:00","level":"INFO","msg":"handler: operation stats","stats":{"operations":[{"desc":"updating run config","runtime_seconds":61.090291416,"error_status":"retrying HTTP 409: run ulxssos8 was previously created and deleted; try a new run name"}],"total_operations":1}}
{"time":"2025-05-14T08:54:26.920506939-06:00","level":"INFO","msg":"api: retrying HTTP error","status":409,"url":"https://api.wandb.ai/graphql","body":"{\"errors\":[{\"message\":\"run ulxssos8 was previously created and deleted; try a new run name\",\"path\":[\"upsertBucket\"]}],\"data\":{\"upsertBucket\":null}}"}
{"time":"2025-05-14T08:55:27.040782072-06:00","level":"INFO","msg":"api: retrying HTTP error","status":409,"url":"https://api.wandb.ai/graphql","body":"{\"errors\":[{\"message\":\"run ulxssos8 was previously created and deleted; try a new run name\",\"path\":[\"upsertBucket\"]}],\"data\":{\"upsertBucket\":null}}"}
{"time":"2025-05-14T08:56:27.15929266-06:00","level":"INFO","msg":"api: retrying HTTP error","status":409,"url":"https://api.wandb.ai/graphql","body":"{\"errors\":[{\"message\":\"run ulxssos8 was previously created and deleted; try a new run name\",\"path\":[\"upsertBucket\"]}],\"data\":{\"upsertBucket\":null}}"}
{"time":"2025-05-14T08:57:27.291023677-06:00","level":"INFO","msg":"api: retrying HTTP error","status":409,"url":"https://api.wandb.ai/graphql","body":"{\"errors\":[{\"message\":\"run ulxssos8 was previously created and deleted; try a new run name\",\"path\":[\"upsertBucket\"]}],\"data\":{\"upsertBucket\":null}}"}
{"time":"2025-05-14T08:58:27.418920792-06:00","level":"INFO","msg":"api: retrying HTTP error","status":409,"url":"https://api.wandb.ai/graphql","body":"{\"errors\":[{\"message\":\"run ulxssos8 was previously created and deleted; try a new run name\",\"path\":[\"upsertBucket\"]}],\"data\":{\"upsertBucket\":null}}"}
{"time":"2025-05-14T08:59:27.534447013-06:00","level":"INFO","msg":"api: retrying HTTP error","status":409,"url":"https://api.wandb.ai/graphql","body":"{\"errors\":[{\"message\":\"run ulxssos8 was previously created and deleted; try a new run name\",\"path\":[\"upsertBucket\"]}],\"data\":{\"upsertBucket\":null}}"}
{"time":"2025-05-14T09:00:27.65112186-06:00","level":"INFO","msg":"api: retrying HTTP error","status":409,"url":"https://api.wandb.ai/graphql","body":"{\"errors\":[{\"message\":\"run ulxssos8 was previously created and deleted; try a new run name\",\"path\":[\"upsertBucket\"]}],\"data\":{\"upsertBucket\":null}}"}
{"time":"2025-05-14T09:01:27.770712576-06:00","level":"INFO","msg":"api: retrying HTTP error","status":409,"url":"https://api.wandb.ai/graphql","body":"{\"errors\":[{\"message\":\"run ulxssos8 was previously created and deleted; try a new run name\",\"path\":[\"upsertBucket\"]}],\"data\":{\"upsertBucket\":null}}"}
{"time":"2025-05-14T09:02:27.89175612-06:00","level":"INFO","msg":"api: retrying HTTP error","status":409,"url":"https://api.wandb.ai/graphql","body":"{\"errors\":[{\"message\":\"run ulxssos8 was previously created and deleted; try a new run name\",\"path\":[\"upsertBucket\"]}],\"data\":{\"upsertBucket\":null}}"}
{"time":"2025-05-14T09:03:17.565882398-06:00","level":"WARN","msg":"sender: taking a long time","seconds":600.000255158,"work":"WorkRecord(*service_go_proto.Record_Telemetry); Control(connection_id:\"127.0.0.1:43176\")"}
{"time":"2025-05-14T09:03:28.037023337-06:00","level":"INFO","msg":"api: retrying HTTP error","status":409,"url":"https://api.wandb.ai/graphql","body":"{\"errors\":[{\"message\":\"run ulxssos8 was previously created and deleted; try a new run name\",\"path\":[\"upsertBucket\"]}],\"data\":{\"upsertBucket\":null}}"}
{"time":"2025-05-14T09:04:28.177242336-06:00","level":"INFO","msg":"api: retrying HTTP error","status":409,"url":"https://api.wandb.ai/graphql","body":"{\"errors\":[{\"message\":\"run ulxssos8 was previously created and deleted; try a new run name\",\"path\":[\"upsertBucket\"]}],\"data\":{\"upsertBucket\":null}}"}
{"time":"2025-05-14T09:05:28.309882987-06:00","level":"INFO","msg":"api: retrying HTTP error","status":409,"url":"https://api.wandb.ai/graphql","body":"{\"errors\":[{\"message\":\"run ulxssos8 was previously created and deleted; try a new run name\",\"path\":[\"upsertBucket\"]}],\"data\":{\"upsertBucket\":null}}"}
{"time":"2025-05-14T09:06:28.476947574-06:00","level":"INFO","msg":"api: retrying HTTP error","status":409,"url":"https://api.wandb.ai/graphql","body":"{\"errors\":[{\"message\":\"run ulxssos8 was previously created and deleted; try a new run name\",\"path\":[\"upsertBucket\"]}],\"data\":{\"upsertBucket\":null}}"}
{"time":"2025-05-14T09:07:28.614808528-06:00","level":"INFO","msg":"api: retrying HTTP error","status":409,"url":"https://api.wandb.ai/graphql","body":"{\"errors\":[{\"message\":\"run ulxssos8 was previously created and deleted; try a new run name\",\"path\":[\"upsertBucket\"]}],\"data\":{\"upsertBucket\":null}}"}
{"time":"2025-05-14T09:08:28.736052211-06:00","level":"INFO","msg":"api: retrying HTTP error","status":409,"url":"https://api.wandb.ai/graphql","body":"{\"errors\":[{\"message\":\"run ulxssos8 was previously created and deleted; try a new run name\",\"path\":[\"upsertBucket\"]}],\"data\":{\"upsertBucket\":null}}"}
{"time":"2025-05-14T09:09:28.869932505-06:00","level":"INFO","msg":"api: retrying HTTP error","status":409,"url":"https://api.wandb.ai/graphql","body":"{\"errors\":[{\"message\":\"run ulxssos8 was previously created and deleted; try a new run name\",\"path\":[\"upsertBucket\"]}],\"data\":{\"upsertBucket\":null}}"}
{"time":"2025-05-14T09:09:28.870099627-06:00","level":"ERROR","msg":"sender: sendConfig:","error":"api: failed sending: POST https://api.wandb.ai/graphql giving up after 21 attempt(s)"}
{"time":"2025-05-14T09:09:28.870266546-06:00","level":"INFO","msg":"sender: succeeded after taking longer than expected","seconds":971.304649525,"work":"WorkRecord(*service_go_proto.Record_Telemetry); Control(connection_id:\"127.0.0.1:43176\")"}
{"time":"2025-05-14T09:09:29.034421448-06:00","level":"ERROR","msg":"HTTP error","status":404,"method":"POST","url":"https://api.wandb.ai/graphql"}
{"time":"2025-05-14T09:09:29.034616967-06:00","level":"ERROR","msg":"runfiles: CreateRunFiles returned error: returned error 404: {\"data\":{\"createRunFiles\":null},\"errors\":[{\"message\":\"run Audio-mnist/ulxssos8 not found during createRunFiles\",\"path\":[\"createRunFiles\"]}]}"}
{"time":"2025-05-14T09:09:29.156731677-06:00","level":"INFO","msg":"api: retrying HTTP error","status":409,"url":"https://api.wandb.ai/graphql","body":"{\"errors\":[{\"message\":\"run ulxssos8 was previously created and deleted; try a new run name\",\"path\":[\"upsertBucket\"]}],\"data\":{\"upsertBucket\":null}}"}
{"time":"2025-05-14T09:09:29.203384826-06:00","level":"ERROR","msg":"HTTP error","status":404,"method":"POST","url":"https://api.wandb.ai/graphql"}
{"time":"2025-05-14T09:09:29.203519963-06:00","level":"ERROR","msg":"runfiles: CreateRunFiles returned error: returned error 404: {\"data\":{\"createRunFiles\":null},\"errors\":[{\"message\":\"run Audio-mnist/ulxssos8 not found during createRunFiles\",\"path\":[\"createRunFiles\"]}]}"}
{"time":"2025-05-14T09:09:31.690439801-06:00","level":"INFO","msg":"api: retrying HTTP error","status":409,"url":"https://api.wandb.ai/graphql","body":"{\"errors\":[{\"message\":\"run ulxssos8 was previously created and deleted; try a new run name\",\"path\":[\"upsertBucket\"]}],\"data\":{\"upsertBucket\":null}}"}
{"time":"2025-05-14T09:09:36.096716972-06:00","level":"INFO","msg":"api: retrying HTTP error","status":409,"url":"https://api.wandb.ai/graphql","body":"{\"errors\":[{\"message\":\"run ulxssos8 was previously created and deleted; try a new run name\",\"path\":[\"upsertBucket\"]}],\"data\":{\"upsertBucket\":null}}"}
{"time":"2025-05-14T09:09:45.19432255-06:00","level":"INFO","msg":"api: retrying HTTP error","status":409,"url":"https://api.wandb.ai/graphql","body":"{\"errors\":[{\"message\":\"run ulxssos8 was previously created and deleted; try a new run name\",\"path\":[\"upsertBucket\"]}],\"data\":{\"upsertBucket\":null}}"}
{"time":"2025-05-14T09:10:02.62344313-06:00","level":"INFO","msg":"api: retrying HTTP error","status":409,"url":"https://api.wandb.ai/graphql","body":"{\"errors\":[{\"message\":\"run ulxssos8 was previously created and deleted; try a new run name\",\"path\":[\"upsertBucket\"]}],\"data\":{\"upsertBucket\":null}}"}
{"time":"2025-05-14T09:10:42.687505811-06:00","level":"INFO","msg":"api: retrying HTTP error","status":409,"url":"https://api.wandb.ai/graphql","body":"{\"errors\":[{\"message\":\"run ulxssos8 was previously created and deleted; try a new run name\",\"path\":[\"upsertBucket\"]}],\"data\":{\"upsertBucket\":null}}"}
{"time":"2025-05-14T09:11:42.807188373-06:00","level":"INFO","msg":"api: retrying HTTP error","status":409,"url":"https://api.wandb.ai/graphql","body":"{\"errors\":[{\"message\":\"run ulxssos8 was previously created and deleted; try a new run name\",\"path\":[\"upsertBucket\"]}],\"data\":{\"upsertBucket\":null}}"}
{"time":"2025-05-14T09:12:42.933836486-06:00","level":"INFO","msg":"api: retrying HTTP error","status":409,"url":"https://api.wandb.ai/graphql","body":"{\"errors\":[{\"message\":\"run ulxssos8 was previously created and deleted; try a new run name\",\"path\":[\"upsertBucket\"]}],\"data\":{\"upsertBucket\":null}}"}
{"time":"2025-05-14T09:13:43.058936123-06:00","level":"INFO","msg":"api: retrying HTTP error","status":409,"url":"https://api.wandb.ai/graphql","body":"{\"errors\":[{\"message\":\"run ulxssos8 was previously created and deleted; try a new run name\",\"path\":[\"upsertBucket\"]}],\"data\":{\"upsertBucket\":null}}"}
{"time":"2025-05-14T09:14:43.200553821-06:00","level":"INFO","msg":"api: retrying HTTP error","status":409,"url":"https://api.wandb.ai/graphql","body":"{\"errors\":[{\"message\":\"run ulxssos8 was previously created and deleted; try a new run name\",\"path\":[\"upsertBucket\"]}],\"data\":{\"upsertBucket\":null}}"}
