{"time":"2025-05-14T11:09:32.071982204-06:00","level":"INFO","msg":"stream: starting","core version":"0.19.10","symlink path":"/home/lnavarro/tec/iap2/wandb/run-20250514_110930-gqeewh4b/logs/debug-core.log"}
{"time":"2025-05-14T11:09:32.572684423-06:00","level":"INFO","msg":"created new stream","id":"gqeewh4b"}
{"time":"2025-05-14T11:09:32.57275094-06:00","level":"INFO","msg":"stream: started","id":"gqeewh4b"}
{"time":"2025-05-14T11:09:32.572882624-06:00","level":"INFO","msg":"writer: Do: started","stream_id":"gqeewh4b"}
{"time":"2025-05-14T11:09:32.57298789-06:00","level":"INFO","msg":"sender: started","stream_id":"gqeewh4b"}
{"time":"2025-05-14T11:09:32.573072157-06:00","level":"INFO","msg":"handler: started","stream_id":"gqeewh4b"}
{"time":"2025-05-14T11:09:32.972453665-06:00","level":"INFO","msg":"Starting system monitor"}
{"time":"2025-05-14T11:17:20.043503172-06:00","level":"INFO","msg":"api: retrying error","error":"Post \"https://api.wandb.ai/graphql\": context deadline exceeded (Client.Timeout exceeded while awaiting headers)"}
{"time":"2025-05-14T11:49:22.978081168-06:00","level":"ERROR","msg":"HTTP error","status":404,"method":"POST","url":"https://api.wandb.ai/files/luiscantodd-tec-costa-rica/Audio-mnist/gqeewh4b/file_stream"}
{"time":"2025-05-14T11:49:22.978559938-06:00","level":"ERROR+4","msg":"filestream: fatal error: filestream: failed to upload: 404 Not Found path=files/luiscantodd-tec-costa-rica/Audio-mnist/gqeewh4b/file_stream: {\"error\":\"run Audio-mnist/gqeewh4b not found while streaming file\"}"}
{"time":"2025-05-14T11:50:15.090980209-06:00","level":"INFO","msg":"Stopping system monitor"}
{"time":"2025-05-14T11:50:15.09105504-06:00","level":"INFO","msg":"Stopped system monitor"}
{"time":"2025-05-14T11:50:15.169110798-06:00","level":"INFO","msg":"api: retrying HTTP error","status":409,"url":"https://api.wandb.ai/graphql","body":"{\"errors\":[{\"message\":\"run gqeewh4b was previously created and deleted; try a new run name\",\"path\":[\"upsertBucket\"]}],\"data\":{\"upsertBucket\":null}}"}
{"time":"2025-05-14T11:50:16.05749156-06:00","level":"INFO","msg":"handler: operation stats","stats":{"operations":[{"desc":"updating run config","runtime_seconds":1.006620258,"error_status":"retrying HTTP 409: run gqeewh4b was previously created and deleted; try a new run name"}],"total_operations":1}}
{"time":"2025-05-14T11:50:17.589476441-06:00","level":"INFO","msg":"api: retrying HTTP error","status":409,"url":"https://api.wandb.ai/graphql","body":"{\"errors\":[{\"message\":\"run gqeewh4b was previously created and deleted; try a new run name\",\"path\":[\"upsertBucket\"]}],\"data\":{\"upsertBucket\":null}}"}
{"time":"2025-05-14T11:50:21.90065826-06:00","level":"INFO","msg":"api: retrying HTTP error","status":409,"url":"https://api.wandb.ai/graphql","body":"{\"errors\":[{\"message\":\"run gqeewh4b was previously created and deleted; try a new run name\",\"path\":[\"upsertBucket\"]}],\"data\":{\"upsertBucket\":null}}"}
{"time":"2025-05-14T11:50:30.990248283-06:00","level":"INFO","msg":"api: retrying HTTP error","status":409,"url":"https://api.wandb.ai/graphql","body":"{\"errors\":[{\"message\":\"run gqeewh4b was previously created and deleted; try a new run name\",\"path\":[\"upsertBucket\"]}],\"data\":{\"upsertBucket\":null}}"}
{"time":"2025-05-14T11:50:47.28608835-06:00","level":"INFO","msg":"api: retrying HTTP error","status":409,"url":"https://api.wandb.ai/graphql","body":"{\"errors\":[{\"message\":\"run gqeewh4b was previously created and deleted; try a new run name\",\"path\":[\"upsertBucket\"]}],\"data\":{\"upsertBucket\":null}}"}
{"time":"2025-05-14T11:51:16.147337459-06:00","level":"INFO","msg":"handler: operation stats","stats":{"operations":[{"desc":"updating run config","runtime_seconds":61.096465637,"error_status":"retrying HTTP 409: run gqeewh4b was previously created and deleted; try a new run name"}],"total_operations":1}}
{"time":"2025-05-14T11:51:26.164709037-06:00","level":"INFO","msg":"api: retrying HTTP error","status":409,"url":"https://api.wandb.ai/graphql","body":"{\"errors\":[{\"message\":\"run gqeewh4b was previously created and deleted; try a new run name\",\"path\":[\"upsertBucket\"]}],\"data\":{\"upsertBucket\":null}}"}
{"time":"2025-05-14T11:52:26.288243816-06:00","level":"INFO","msg":"api: retrying HTTP error","status":409,"url":"https://api.wandb.ai/graphql","body":"{\"errors\":[{\"message\":\"run gqeewh4b was previously created and deleted; try a new run name\",\"path\":[\"upsertBucket\"]}],\"data\":{\"upsertBucket\":null}}"}
{"time":"2025-05-14T11:53:26.471434789-06:00","level":"INFO","msg":"api: retrying HTTP error","status":409,"url":"https://api.wandb.ai/graphql","body":"{\"errors\":[{\"message\":\"run gqeewh4b was previously created and deleted; try a new run name\",\"path\":[\"upsertBucket\"]}],\"data\":{\"upsertBucket\":null}}"}
{"time":"2025-05-14T11:54:26.591214111-06:00","level":"INFO","msg":"api: retrying HTTP error","status":409,"url":"https://api.wandb.ai/graphql","body":"{\"errors\":[{\"message\":\"run gqeewh4b was previously created and deleted; try a new run name\",\"path\":[\"upsertBucket\"]}],\"data\":{\"upsertBucket\":null}}"}
{"time":"2025-05-14T11:55:26.721020191-06:00","level":"INFO","msg":"api: retrying HTTP error","status":409,"url":"https://api.wandb.ai/graphql","body":"{\"errors\":[{\"message\":\"run gqeewh4b was previously created and deleted; try a new run name\",\"path\":[\"upsertBucket\"]}],\"data\":{\"upsertBucket\":null}}"}
{"time":"2025-05-14T11:56:26.859847953-06:00","level":"INFO","msg":"api: retrying HTTP error","status":409,"url":"https://api.wandb.ai/graphql","body":"{\"errors\":[{\"message\":\"run gqeewh4b was previously created and deleted; try a new run name\",\"path\":[\"upsertBucket\"]}],\"data\":{\"upsertBucket\":null}}"}
{"time":"2025-05-14T11:57:26.997649348-06:00","level":"INFO","msg":"api: retrying HTTP error","status":409,"url":"https://api.wandb.ai/graphql","body":"{\"errors\":[{\"message\":\"run gqeewh4b was previously created and deleted; try a new run name\",\"path\":[\"upsertBucket\"]}],\"data\":{\"upsertBucket\":null}}"}
{"time":"2025-05-14T11:58:27.130973691-06:00","level":"INFO","msg":"api: retrying HTTP error","status":409,"url":"https://api.wandb.ai/graphql","body":"{\"errors\":[{\"message\":\"run gqeewh4b was previously created and deleted; try a new run name\",\"path\":[\"upsertBucket\"]}],\"data\":{\"upsertBucket\":null}}"}
{"time":"2025-05-14T11:59:27.273744325-06:00","level":"INFO","msg":"api: retrying HTTP error","status":409,"url":"https://api.wandb.ai/graphql","body":"{\"errors\":[{\"message\":\"run gqeewh4b was previously created and deleted; try a new run name\",\"path\":[\"upsertBucket\"]}],\"data\":{\"upsertBucket\":null}}"}
{"time":"2025-05-14T12:00:15.05116662-06:00","level":"WARN","msg":"sender: taking a long time","seconds":600.000234696,"work":"WorkRecord(*service_go_proto.Record_Telemetry); Control(connection_id:\"127.0.0.1:48204\")"}
{"time":"2025-05-14T12:00:27.408438059-06:00","level":"INFO","msg":"api: retrying HTTP error","status":409,"url":"https://api.wandb.ai/graphql","body":"{\"errors\":[{\"message\":\"run gqeewh4b was previously created and deleted; try a new run name\",\"path\":[\"upsertBucket\"]}],\"data\":{\"upsertBucket\":null}}"}
{"time":"2025-05-14T12:01:27.526195998-06:00","level":"INFO","msg":"api: retrying HTTP error","status":409,"url":"https://api.wandb.ai/graphql","body":"{\"errors\":[{\"message\":\"run gqeewh4b was previously created and deleted; try a new run name\",\"path\":[\"upsertBucket\"]}],\"data\":{\"upsertBucket\":null}}"}
{"time":"2025-05-14T12:02:27.653940971-06:00","level":"INFO","msg":"api: retrying HTTP error","status":409,"url":"https://api.wandb.ai/graphql","body":"{\"errors\":[{\"message\":\"run gqeewh4b was previously created and deleted; try a new run name\",\"path\":[\"upsertBucket\"]}],\"data\":{\"upsertBucket\":null}}"}
{"time":"2025-05-14T12:03:27.786967264-06:00","level":"INFO","msg":"api: retrying HTTP error","status":409,"url":"https://api.wandb.ai/graphql","body":"{\"errors\":[{\"message\":\"run gqeewh4b was previously created and deleted; try a new run name\",\"path\":[\"upsertBucket\"]}],\"data\":{\"upsertBucket\":null}}"}
{"time":"2025-05-14T12:04:27.909918476-06:00","level":"INFO","msg":"api: retrying HTTP error","status":409,"url":"https://api.wandb.ai/graphql","body":"{\"errors\":[{\"message\":\"run gqeewh4b was previously created and deleted; try a new run name\",\"path\":[\"upsertBucket\"]}],\"data\":{\"upsertBucket\":null}}"}
{"time":"2025-05-14T12:05:28.03052843-06:00","level":"INFO","msg":"api: retrying HTTP error","status":409,"url":"https://api.wandb.ai/graphql","body":"{\"errors\":[{\"message\":\"run gqeewh4b was previously created and deleted; try a new run name\",\"path\":[\"upsertBucket\"]}],\"data\":{\"upsertBucket\":null}}"}
{"time":"2025-05-14T12:06:28.166363488-06:00","level":"INFO","msg":"api: retrying HTTP error","status":409,"url":"https://api.wandb.ai/graphql","body":"{\"errors\":[{\"message\":\"run gqeewh4b was previously created and deleted; try a new run name\",\"path\":[\"upsertBucket\"]}],\"data\":{\"upsertBucket\":null}}"}
{"time":"2025-05-14T12:06:28.166416022-06:00","level":"ERROR","msg":"sender: sendConfig:","error":"api: failed sending: POST https://api.wandb.ai/graphql giving up after 21 attempt(s)"}
{"time":"2025-05-14T12:06:28.166578264-06:00","level":"INFO","msg":"sender: succeeded after taking longer than expected","seconds":973.115671781,"work":"WorkRecord(*service_go_proto.Record_Telemetry); Control(connection_id:\"127.0.0.1:48204\")"}
{"time":"2025-05-14T12:06:28.339088473-06:00","level":"ERROR","msg":"HTTP error","status":404,"method":"POST","url":"https://api.wandb.ai/graphql"}
{"time":"2025-05-14T12:06:28.339141542-06:00","level":"ERROR","msg":"runfiles: CreateRunFiles returned error: returned error 404: {\"data\":{\"createRunFiles\":null},\"errors\":[{\"message\":\"run Audio-mnist/gqeewh4b not found during createRunFiles\",\"path\":[\"createRunFiles\"]}]}"}
{"time":"2025-05-14T12:06:28.409960459-06:00","level":"INFO","msg":"api: retrying HTTP error","status":409,"url":"https://api.wandb.ai/graphql","body":"{\"errors\":[{\"message\":\"run gqeewh4b was previously created and deleted; try a new run name\",\"path\":[\"upsertBucket\"]}],\"data\":{\"upsertBucket\":null}}"}
{"time":"2025-05-14T12:06:28.461242525-06:00","level":"ERROR","msg":"HTTP error","status":404,"method":"POST","url":"https://api.wandb.ai/graphql"}
{"time":"2025-05-14T12:06:28.461289192-06:00","level":"ERROR","msg":"runfiles: CreateRunFiles returned error: returned error 404: {\"data\":{\"createRunFiles\":null},\"errors\":[{\"message\":\"run Audio-mnist/gqeewh4b not found during createRunFiles\",\"path\":[\"createRunFiles\"]}]}"}
{"time":"2025-05-14T12:06:30.7293777-06:00","level":"INFO","msg":"api: retrying HTTP error","status":409,"url":"https://api.wandb.ai/graphql","body":"{\"errors\":[{\"message\":\"run gqeewh4b was previously created and deleted; try a new run name\",\"path\":[\"upsertBucket\"]}],\"data\":{\"upsertBucket\":null}}"}
{"time":"2025-05-14T12:06:35.332843767-06:00","level":"INFO","msg":"api: retrying HTTP error","status":409,"url":"https://api.wandb.ai/graphql","body":"{\"errors\":[{\"message\":\"run gqeewh4b was previously created and deleted; try a new run name\",\"path\":[\"upsertBucket\"]}],\"data\":{\"upsertBucket\":null}}"}
{"time":"2025-05-14T12:06:44.787922899-06:00","level":"INFO","msg":"api: retrying HTTP error","status":409,"url":"https://api.wandb.ai/graphql","body":"{\"errors\":[{\"message\":\"run gqeewh4b was previously created and deleted; try a new run name\",\"path\":[\"upsertBucket\"]}],\"data\":{\"upsertBucket\":null}}"}
{"time":"2025-05-14T12:07:04.439604119-06:00","level":"INFO","msg":"api: retrying HTTP error","status":409,"url":"https://api.wandb.ai/graphql","body":"{\"errors\":[{\"message\":\"run gqeewh4b was previously created and deleted; try a new run name\",\"path\":[\"upsertBucket\"]}],\"data\":{\"upsertBucket\":null}}"}
{"time":"2025-05-14T12:07:40.560308929-06:00","level":"INFO","msg":"api: retrying HTTP error","status":409,"url":"https://api.wandb.ai/graphql","body":"{\"errors\":[{\"message\":\"run gqeewh4b was previously created and deleted; try a new run name\",\"path\":[\"upsertBucket\"]}],\"data\":{\"upsertBucket\":null}}"}
{"time":"2025-05-14T12:08:40.677973702-06:00","level":"INFO","msg":"api: retrying HTTP error","status":409,"url":"https://api.wandb.ai/graphql","body":"{\"errors\":[{\"message\":\"run gqeewh4b was previously created and deleted; try a new run name\",\"path\":[\"upsertBucket\"]}],\"data\":{\"upsertBucket\":null}}"}
{"time":"2025-05-14T12:09:40.817964229-06:00","level":"INFO","msg":"api: retrying HTTP error","status":409,"url":"https://api.wandb.ai/graphql","body":"{\"errors\":[{\"message\":\"run gqeewh4b was previously created and deleted; try a new run name\",\"path\":[\"upsertBucket\"]}],\"data\":{\"upsertBucket\":null}}"}
{"time":"2025-05-14T12:10:41.100394871-06:00","level":"INFO","msg":"api: retrying HTTP error","status":409,"url":"https://api.wandb.ai/graphql","body":"{\"errors\":[{\"message\":\"run gqeewh4b was previously created and deleted; try a new run name\",\"path\":[\"upsertBucket\"]}],\"data\":{\"upsertBucket\":null}}"}
{"time":"2025-05-14T12:11:41.244819335-06:00","level":"INFO","msg":"api: retrying HTTP error","status":409,"url":"https://api.wandb.ai/graphql","body":"{\"errors\":[{\"message\":\"run gqeewh4b was previously created and deleted; try a new run name\",\"path\":[\"upsertBucket\"]}],\"data\":{\"upsertBucket\":null}}"}
{"time":"2025-05-14T12:12:41.392489461-06:00","level":"INFO","msg":"api: retrying HTTP error","status":409,"url":"https://api.wandb.ai/graphql","body":"{\"errors\":[{\"message\":\"run gqeewh4b was previously created and deleted; try a new run name\",\"path\":[\"upsertBucket\"]}],\"data\":{\"upsertBucket\":null}}"}
{"time":"2025-05-14T12:13:41.517978831-06:00","level":"INFO","msg":"api: retrying HTTP error","status":409,"url":"https://api.wandb.ai/graphql","body":"{\"errors\":[{\"message\":\"run gqeewh4b was previously created and deleted; try a new run name\",\"path\":[\"upsertBucket\"]}],\"data\":{\"upsertBucket\":null}}"}
{"time":"2025-05-14T12:14:41.634139377-06:00","level":"INFO","msg":"api: retrying HTTP error","status":409,"url":"https://api.wandb.ai/graphql","body":"{\"errors\":[{\"message\":\"run gqeewh4b was previously created and deleted; try a new run name\",\"path\":[\"upsertBucket\"]}],\"data\":{\"upsertBucket\":null}}"}
{"time":"2025-05-14T12:15:41.762505081-06:00","level":"INFO","msg":"api: retrying HTTP error","status":409,"url":"https://api.wandb.ai/graphql","body":"{\"errors\":[{\"message\":\"run gqeewh4b was previously created and deleted; try a new run name\",\"path\":[\"upsertBucket\"]}],\"data\":{\"upsertBucket\":null}}"}
{"time":"2025-05-14T12:16:41.890299024-06:00","level":"INFO","msg":"api: retrying HTTP error","status":409,"url":"https://api.wandb.ai/graphql","body":"{\"errors\":[{\"message\":\"run gqeewh4b was previously created and deleted; try a new run name\",\"path\":[\"upsertBucket\"]}],\"data\":{\"upsertBucket\":null}}"}
{"time":"2025-05-14T12:17:42.016765154-06:00","level":"INFO","msg":"api: retrying HTTP error","status":409,"url":"https://api.wandb.ai/graphql","body":"{\"errors\":[{\"message\":\"run gqeewh4b was previously created and deleted; try a new run name\",\"path\":[\"upsertBucket\"]}],\"data\":{\"upsertBucket\":null}}"}
{"time":"2025-05-14T12:18:42.157097831-06:00","level":"INFO","msg":"api: retrying HTTP error","status":409,"url":"https://api.wandb.ai/graphql","body":"{\"errors\":[{\"message\":\"run gqeewh4b was previously created and deleted; try a new run name\",\"path\":[\"upsertBucket\"]}],\"data\":{\"upsertBucket\":null}}"}
{"time":"2025-05-14T12:19:42.288284841-06:00","level":"INFO","msg":"api: retrying HTTP error","status":409,"url":"https://api.wandb.ai/graphql","body":"{\"errors\":[{\"message\":\"run gqeewh4b was previously created and deleted; try a new run name\",\"path\":[\"upsertBucket\"]}],\"data\":{\"upsertBucket\":null}}"}
{"time":"2025-05-14T12:20:42.424843985-06:00","level":"INFO","msg":"api: retrying HTTP error","status":409,"url":"https://api.wandb.ai/graphql","body":"{\"errors\":[{\"message\":\"run gqeewh4b was previously created and deleted; try a new run name\",\"path\":[\"upsertBucket\"]}],\"data\":{\"upsertBucket\":null}}"}
{"time":"2025-05-14T12:21:42.539825366-06:00","level":"INFO","msg":"api: retrying HTTP error","status":409,"url":"https://api.wandb.ai/graphql","body":"{\"errors\":[{\"message\":\"run gqeewh4b was previously created and deleted; try a new run name\",\"path\":[\"upsertBucket\"]}],\"data\":{\"upsertBucket\":null}}"}
{"time":"2025-05-14T12:22:42.693384632-06:00","level":"INFO","msg":"api: retrying HTTP error","status":409,"url":"https://api.wandb.ai/graphql","body":"{\"errors\":[{\"message\":\"run gqeewh4b was previously created and deleted; try a new run name\",\"path\":[\"upsertBucket\"]}],\"data\":{\"upsertBucket\":null}}"}
{"time":"2025-05-14T12:22:42.693452556-06:00","level":"ERROR","msg":"sender: sendConfig:","error":"api: failed sending: POST https://api.wandb.ai/graphql giving up after 21 attempt(s)"}
{"time":"2025-05-14T12:22:42.96798204-06:00","level":"ERROR","msg":"HTTP error","status":404,"method":"POST","url":"https://api.wandb.ai/graphql"}
{"time":"2025-05-14T12:22:42.968031514-06:00","level":"ERROR","msg":"runfiles: CreateRunFiles returned error: returned error 404: {\"data\":{\"createRunFiles\":null},\"errors\":[{\"message\":\"run Audio-mnist/gqeewh4b not found during createRunFiles\",\"path\":[\"createRunFiles\"]}]}"}
{"time":"2025-05-14T12:22:42.968271235-06:00","level":"INFO","msg":"fileTransfer: Close: file transfer manager closed"}
