2025-05-12 11:56:04,867 INFO    MainThread:98907 [wandb_setup.py:_flush():68] Current SDK version is 0.19.10
2025-05-12 11:56:04,868 INFO    MainThread:98907 [wandb_setup.py:_flush():68] Configure stats pid to 98907
2025-05-12 11:56:04,868 INFO    MainThread:98907 [wandb_setup.py:_flush():68] Loading settings from /home/todd/.config/wandb/settings
2025-05-12 11:56:04,868 INFO    MainThread:98907 [wandb_setup.py:_flush():68] Loading settings from /home/todd/universidad/ia/ai-projects/proyecto-2/wandb/settings
2025-05-12 11:56:04,868 INFO    MainThread:98907 [wandb_setup.py:_flush():68] Loading settings from environment variables
2025-05-12 11:56:04,868 INFO    MainThread:98907 [wandb_init.py:setup_run_log_directory():724] Logging user logs to /home/todd/universidad/ia/ai-projects/proyecto-2/wandb/run-20250512_115604-pz8ynpea/logs/debug.log
2025-05-12 11:56:04,868 INFO    MainThread:98907 [wandb_init.py:setup_run_log_directory():725] Logging internal logs to /home/todd/universidad/ia/ai-projects/proyecto-2/wandb/run-20250512_115604-pz8ynpea/logs/debug-internal.log
2025-05-12 11:56:04,868 INFO    MainThread:98907 [wandb_init.py:monkeypatch_ipython():643] configuring jupyter hooks <wandb.sdk.wandb_init._WandbInit object at 0x7f86182d43d0>
2025-05-12 11:56:04,868 INFO    MainThread:98907 [wandb_init.py:init():852] calling init triggers
2025-05-12 11:56:04,868 INFO    MainThread:98907 [wandb_init.py:init():857] wandb.init called with sweep_config: {}
config: {'epochs': 15, 'batch_size': 32, 'learning_rate': 0.0001, 'architecture': 'LeNet5Audio', 'input_size': '1x224x224', '_wandb': {}}
2025-05-12 11:56:04,868 INFO    MainThread:98907 [wandb_init.py:init():893] starting backend
2025-05-12 11:56:04,868 INFO    MainThread:98907 [wandb_init.py:init():897] sending inform_init request
2025-05-12 11:56:04,872 INFO    MainThread:98907 [backend.py:_multiprocessing_setup():101] multiprocessing start_methods=fork,spawn,forkserver, using: spawn
2025-05-12 11:56:04,872 INFO    MainThread:98907 [wandb_init.py:init():907] backend started and connected
2025-05-12 11:56:04,873 INFO    MainThread:98907 [wandb_run.py:_label_probe_notebook():1369] probe notebook
2025-05-12 11:56:04,873 INFO    MainThread:98907 [wandb_init.py:init():1002] updated telemetry
2025-05-12 11:56:04,879 INFO    MainThread:98907 [wandb_init.py:init():1026] communicating run to backend with 90.0 second timeout
2025-05-12 11:56:05,542 INFO    MainThread:98907 [wandb_init.py:init():1101] starting run threads in backend
2025-05-12 11:56:05,631 INFO    MainThread:98907 [wandb_run.py:_console_start():2566] atexit reg
2025-05-12 11:56:05,631 INFO    MainThread:98907 [wandb_run.py:_redirect():2414] redirect: wrap_raw
2025-05-12 11:56:05,632 INFO    MainThread:98907 [wandb_run.py:_redirect():2483] Wrapping output streams.
2025-05-12 11:56:05,632 INFO    MainThread:98907 [wandb_run.py:_redirect():2506] Redirects installed.
2025-05-12 11:56:05,635 INFO    MainThread:98907 [wandb_init.py:init():1147] run started, returning control to user process
2025-05-12 11:56:05,637 INFO    MainThread:98907 [wandb_init.py:_post_run_cell_hook():613] [no run ID] resuming backend
2025-05-12 11:56:20,604 INFO    MainThread:98907 [jupyter.py:save_ipynb():401] [no run ID] not saving jupyter notebook
2025-05-12 11:56:20,604 INFO    MainThread:98907 [wandb_init.py:_pre_run_cell_hook():602] [no run ID] pausing backend
2025-05-12 11:56:20,656 INFO    MainThread:98907 [wandb_init.py:_post_run_cell_hook():613] [no run ID] resuming backend
2025-05-12 12:01:38,279 INFO    MainThread:98907 [jupyter.py:save_ipynb():401] [no run ID] not saving jupyter notebook
2025-05-12 12:01:38,280 INFO    MainThread:98907 [wandb_init.py:_pre_run_cell_hook():602] [no run ID] pausing backend
2025-05-12 12:01:38,285 INFO    MainThread:98907 [wandb_init.py:_post_run_cell_hook():613] [no run ID] resuming backend
2025-05-12 12:05:26,489 INFO    MainThread:98907 [jupyter.py:save_ipynb():401] [no run ID] not saving jupyter notebook
2025-05-12 12:05:26,490 INFO    MainThread:98907 [wandb_init.py:_pre_run_cell_hook():602] [no run ID] pausing backend
2025-05-12 12:05:27,248 INFO    MainThread:98907 [wandb_init.py:_post_run_cell_hook():613] [no run ID] resuming backend
2025-05-12 12:05:33,066 INFO    MainThread:98907 [jupyter.py:save_ipynb():401] [no run ID] not saving jupyter notebook
2025-05-12 12:05:33,067 INFO    MainThread:98907 [wandb_init.py:_pre_run_cell_hook():602] [no run ID] pausing backend
2025-05-12 12:05:33,068 INFO    MainThread:98907 [wandb_init.py:_post_run_cell_hook():613] [no run ID] resuming backend
2025-05-12 12:05:37,603 INFO    MainThread:98907 [jupyter.py:save_ipynb():401] [no run ID] not saving jupyter notebook
2025-05-12 12:05:37,603 INFO    MainThread:98907 [wandb_init.py:_pre_run_cell_hook():602] [no run ID] pausing backend
2025-05-12 12:05:37,646 INFO    MainThread:98907 [wandb_init.py:_post_run_cell_hook():613] [no run ID] resuming backend
2025-05-12 12:05:44,468 INFO    MainThread:98907 [jupyter.py:save_ipynb():401] [no run ID] not saving jupyter notebook
2025-05-12 12:05:44,469 INFO    MainThread:98907 [wandb_init.py:_pre_run_cell_hook():602] [no run ID] pausing backend
2025-05-12 12:05:44,470 INFO    MainThread:98907 [wandb_init.py:_post_run_cell_hook():613] [no run ID] resuming backend
2025-05-12 12:05:46,375 INFO    MainThread:98907 [jupyter.py:save_ipynb():401] [no run ID] not saving jupyter notebook
2025-05-12 12:05:46,376 INFO    MainThread:98907 [wandb_init.py:_pre_run_cell_hook():602] [no run ID] pausing backend
2025-05-12 12:05:46,387 INFO    MainThread:98907 [wandb_run.py:_finish():2314] finishing run luiscantodd-tec-costa-rica/Audio-mnist/pz8ynpea
2025-05-12 12:05:46,388 INFO    MainThread:98907 [jupyter.py:save_ipynb():401] not saving jupyter notebook
2025-05-12 12:05:46,389 INFO    MainThread:98907 [wandb_init.py:_jupyter_teardown():628] cleaning up jupyter logic
2025-05-12 12:05:46,389 INFO    MainThread:98907 [wandb_run.py:_atexit_cleanup():2531] got exitcode: 0
2025-05-12 12:05:46,389 INFO    MainThread:98907 [wandb_run.py:_restore():2513] restore
2025-05-12 12:05:46,390 INFO    MainThread:98907 [wandb_run.py:_restore():2519] restore done
2025-05-12 12:05:47,324 INFO    MainThread:98907 [wandb_run.py:_footer_history_summary_info():4160] rendering history
2025-05-12 12:05:47,325 INFO    MainThread:98907 [wandb_run.py:_footer_history_summary_info():4192] rendering summary
2025-05-12 12:05:47,325 INFO    MainThread:98907 [wandb_run.py:_footer_sync_info():4121] logging synced files
