{"time":"2025-05-12T10:33:33.299052375-06:00","level":"INFO","msg":"stream: starting","core version":"0.19.10","symlink path":"/home/todd/universidad/ia/ai-projects/proyecto-2/wandb/run-20250512_103333-919hs1m4/logs/debug-core.log"}
{"time":"2025-05-12T10:33:33.690851819-06:00","level":"INFO","msg":"created new stream","id":"919hs1m4"}
{"time":"2025-05-12T10:33:33.69100471-06:00","level":"INFO","msg":"stream: started","id":"919hs1m4"}
{"time":"2025-05-12T10:33:33.691107014-06:00","level":"INFO","msg":"writer: Do: started","stream_id":"919hs1m4"}
{"time":"2025-05-12T10:33:33.691115843-06:00","level":"INFO","msg":"sender: started","stream_id":"919hs1m4"}
{"time":"2025-05-12T10:33:33.691296696-06:00","level":"INFO","msg":"handler: started","stream_id":"919hs1m4"}
{"time":"2025-05-12T10:33:34.058994333-06:00","level":"INFO","msg":"Starting system monitor"}
{"time":"2025-05-12T10:33:42.259864968-06:00","level":"INFO","msg":"Pausing system monitor"}
{"time":"2025-05-12T10:33:42.306532329-06:00","level":"INFO","msg":"Resuming system monitor"}
{"time":"2025-05-12T10:33:44.36354514-06:00","level":"INFO","msg":"Pausing system monitor"}
{"time":"2025-05-12T10:33:44.41655002-06:00","level":"INFO","msg":"Resuming system monitor"}
{"time":"2025-05-12T10:33:44.99123006-06:00","level":"INFO","msg":"Pausing system monitor"}
{"time":"2025-05-12T10:33:45.000295093-06:00","level":"INFO","msg":"Resuming system monitor"}
{"time":"2025-05-12T10:33:45.315754769-06:00","level":"INFO","msg":"Pausing system monitor"}
{"time":"2025-05-12T10:33:45.3239208-06:00","level":"INFO","msg":"Resuming system monitor"}
{"time":"2025-05-12T10:33:45.931493969-06:00","level":"INFO","msg":"Pausing system monitor"}
{"time":"2025-05-12T10:33:45.936046901-06:00","level":"INFO","msg":"Resuming system monitor"}
{"time":"2025-05-12T10:33:46.046534972-06:00","level":"INFO","msg":"Pausing system monitor"}
{"time":"2025-05-12T10:33:46.054455647-06:00","level":"INFO","msg":"Resuming system monitor"}
{"time":"2025-05-12T10:33:53.96023187-06:00","level":"INFO","msg":"Pausing system monitor"}
