2025-05-12 08:58:32,252 INFO    MainThread:55559 [wandb_setup.py:_flush():68] Current SDK version is 0.19.10
2025-05-12 08:58:32,252 INFO    MainThread:55559 [wandb_setup.py:_flush():68] Configure stats pid to 55559
2025-05-12 08:58:32,252 INFO    MainThread:55559 [wandb_setup.py:_flush():68] Loading settings from /home/todd/.config/wandb/settings
2025-05-12 08:58:32,252 INFO    MainThread:55559 [wandb_setup.py:_flush():68] Loading settings from /home/todd/universidad/ia/ai-projects/proyecto-2/wandb/settings
2025-05-12 08:58:32,252 INFO    MainThread:55559 [wandb_setup.py:_flush():68] Loading settings from environment variables
2025-05-12 08:58:32,252 INFO    MainThread:55559 [wandb_init.py:setup_run_log_directory():724] Logging user logs to /home/todd/universidad/ia/ai-projects/proyecto-2/wandb/run-20250512_085832-9j1at7wv/logs/debug.log
2025-05-12 08:58:32,252 INFO    MainThread:55559 [wandb_init.py:setup_run_log_directory():725] Logging internal logs to /home/todd/universidad/ia/ai-projects/proyecto-2/wandb/run-20250512_085832-9j1at7wv/logs/debug-internal.log
2025-05-12 08:58:32,252 INFO    MainThread:55559 [wandb_init.py:monkeypatch_ipython():643] configuring jupyter hooks <wandb.sdk.wandb_init._WandbInit object at 0x7f4c5cb75490>
2025-05-12 08:58:32,253 INFO    MainThread:55559 [wandb_init.py:init():852] calling init triggers
2025-05-12 08:58:32,253 INFO    MainThread:55559 [wandb_init.py:init():857] wandb.init called with sweep_config: {}
config: {'epochs': 15, 'batch_size': 32, 'learning_rate': 0.001, 'architecture': 'LeNet5Audio', 'input_size': '1x224x224', '_wandb': {}}
2025-05-12 08:58:32,253 INFO    MainThread:55559 [wandb_init.py:init():893] starting backend
2025-05-12 08:58:32,253 INFO    MainThread:55559 [wandb_init.py:init():897] sending inform_init request
2025-05-12 08:58:32,266 INFO    MainThread:55559 [backend.py:_multiprocessing_setup():101] multiprocessing start_methods=fork,spawn,forkserver, using: spawn
2025-05-12 08:58:32,266 INFO    MainThread:55559 [wandb_init.py:init():907] backend started and connected
2025-05-12 08:58:32,268 INFO    MainThread:55559 [wandb_run.py:_label_probe_notebook():1369] probe notebook
2025-05-12 08:58:32,269 INFO    MainThread:55559 [wandb_init.py:init():1002] updated telemetry
2025-05-12 08:58:32,274 INFO    MainThread:55559 [wandb_init.py:init():1026] communicating run to backend with 90.0 second timeout
2025-05-12 08:58:33,351 INFO    MainThread:55559 [wandb_init.py:init():1101] starting run threads in backend
2025-05-12 08:58:33,470 INFO    MainThread:55559 [wandb_run.py:_console_start():2566] atexit reg
2025-05-12 08:58:33,471 INFO    MainThread:55559 [wandb_run.py:_redirect():2414] redirect: wrap_raw
2025-05-12 08:58:33,471 INFO    MainThread:55559 [wandb_run.py:_redirect():2483] Wrapping output streams.
2025-05-12 08:58:33,471 INFO    MainThread:55559 [wandb_run.py:_redirect():2506] Redirects installed.
2025-05-12 08:58:33,473 INFO    MainThread:55559 [wandb_init.py:init():1147] run started, returning control to user process
2025-05-12 08:58:33,474 INFO    MainThread:55559 [wandb_init.py:_post_run_cell_hook():613] [no run ID] resuming backend
2025-05-12 08:58:38,095 INFO    MainThread:55559 [jupyter.py:save_ipynb():401] [no run ID] not saving jupyter notebook
2025-05-12 08:58:38,096 INFO    MainThread:55559 [wandb_init.py:_pre_run_cell_hook():602] [no run ID] pausing backend
2025-05-12 09:19:39,842 INFO    MainThread:55559 [wandb_init.py:_post_run_cell_hook():613] [no run ID] resuming backend
2025-05-12 09:23:19,348 INFO    MainThread:55559 [jupyter.py:save_ipynb():401] [no run ID] not saving jupyter notebook
2025-05-12 09:23:19,348 INFO    MainThread:55559 [wandb_init.py:_pre_run_cell_hook():602] [no run ID] pausing backend
2025-05-12 09:23:19,355 INFO    MainThread:55559 [wandb_init.py:_post_run_cell_hook():613] [no run ID] resuming backend
2025-05-12 09:23:21,270 INFO    MainThread:55559 [jupyter.py:save_ipynb():401] [no run ID] not saving jupyter notebook
2025-05-12 09:23:21,270 INFO    MainThread:55559 [wandb_init.py:_pre_run_cell_hook():602] [no run ID] pausing backend
2025-05-12 09:23:21,273 INFO    MainThread:55559 [wandb_init.py:_post_run_cell_hook():613] [no run ID] resuming backend
2025-05-12 09:23:23,802 INFO    MainThread:55559 [jupyter.py:save_ipynb():401] [no run ID] not saving jupyter notebook
2025-05-12 09:23:23,802 INFO    MainThread:55559 [wandb_init.py:_pre_run_cell_hook():602] [no run ID] pausing backend
2025-05-12 09:23:23,806 INFO    MainThread:55559 [wandb_init.py:_post_run_cell_hook():613] [no run ID] resuming backend
2025-05-12 09:23:23,851 INFO    MainThread:55559 [jupyter.py:save_ipynb():401] [no run ID] not saving jupyter notebook
2025-05-12 09:23:23,852 INFO    MainThread:55559 [wandb_init.py:_pre_run_cell_hook():602] [no run ID] pausing backend
2025-05-12 09:23:23,855 INFO    MainThread:55559 [wandb_init.py:_post_run_cell_hook():613] [no run ID] resuming backend
2025-05-12 09:23:30,586 INFO    MainThread:55559 [jupyter.py:save_ipynb():401] [no run ID] not saving jupyter notebook
2025-05-12 09:23:30,586 INFO    MainThread:55559 [wandb_init.py:_pre_run_cell_hook():602] [no run ID] pausing backend
2025-05-12 10:07:58,783 WARNING MsgRouterThr:55559 [router.py:message_loop():63] [no run ID] message_loop has been closed
Traceback (most recent call last):
  File "/home/todd/.anaconda3/envs/proyecto2/lib/python3.11/site-packages/wandb/sdk/interface/router_sock.py", line 27, in _read_message
    return self._sock_client.read_server_response(timeout=1)
           ^^^^^^^^^^^^^^^^^^^^^^^^^^^^^^^^^^^^^^^^^^^^^^^^^
  File "/home/todd/.anaconda3/envs/proyecto2/lib/python3.11/site-packages/wandb/sdk/lib/sock_client.py", line 235, in read_server_response
    data = self._read_packet_bytes(timeout=timeout)
           ^^^^^^^^^^^^^^^^^^^^^^^^^^^^^^^^^^^^^^^^
  File "/home/todd/.anaconda3/envs/proyecto2/lib/python3.11/site-packages/wandb/sdk/lib/sock_client.py", line 220, in _read_packet_bytes
    raise SockClientClosedError
wandb.sdk.lib.sock_client.SockClientClosedError

The above exception was the direct cause of the following exception:

Traceback (most recent call last):
  File "/home/todd/.anaconda3/envs/proyecto2/lib/python3.11/site-packages/wandb/sdk/interface/router.py", line 56, in message_loop
    msg = self._read_message()
          ^^^^^^^^^^^^^^^^^^^^
  File "/home/todd/.anaconda3/envs/proyecto2/lib/python3.11/site-packages/wandb/sdk/interface/router_sock.py", line 29, in _read_message
    raise MessageRouterClosedError from e
wandb.sdk.interface.router.MessageRouterClosedError
2025-05-12 10:07:59,099 INFO    MsgRouterThr:55559 [mailbox.py:close():129] [no run ID] Closing mailbox, abandoning 1 handles.
2025-05-12 10:08:01,663 INFO    MainThread:55559 [wandb_init.py:_post_run_cell_hook():613] [no run ID] resuming backend
2025-05-12 10:08:23,148 INFO    MainThread:55559 [jupyter.py:save_ipynb():401] [no run ID] not saving jupyter notebook
2025-05-12 10:08:23,148 INFO    MainThread:55559 [wandb_init.py:_pre_run_cell_hook():602] [no run ID] pausing backend
2025-05-12 10:29:40,263 INFO    MainThread:55559 [wandb_init.py:_post_run_cell_hook():613] [no run ID] resuming backend
2025-05-12 10:30:44,435 INFO    MainThread:55559 [jupyter.py:save_ipynb():401] [no run ID] not saving jupyter notebook
2025-05-12 10:30:44,436 INFO    MainThread:55559 [wandb_init.py:_pre_run_cell_hook():602] [no run ID] pausing backend
2025-05-12 10:30:54,367 INFO    MainThread:55559 [wandb_init.py:_post_run_cell_hook():613] [no run ID] resuming backend
