2025-05-14 00:15:15,915 INFO    MainThread:1049647 [wandb_init.py:setup_run_log_directory():724] Logging user logs to /home/lnavarro/tec/iap2/wandb/run-20250514_001515-8m0s6a1p/logs/debug.log
2025-05-14 00:15:15,915 INFO    MainThread:1049647 [wandb_init.py:setup_run_log_directory():725] Logging internal logs to /home/lnavarro/tec/iap2/wandb/run-20250514_001515-8m0s6a1p/logs/debug-internal.log
2025-05-14 00:15:15,916 INFO    MainThread:1049647 [wandb_init.py:init():852] calling init triggers
2025-05-14 00:15:15,916 INFO    MainThread:1049647 [wandb_init.py:init():857] wandb.init called with sweep_config: {}
config: {'epochs': 4, 'batch_size': 32, 'learning_rate': 7e-05, 'architecture': 'ResNet18Audio', 'input_size': '1x224x224', 'num_classes': 10, 'bilateral_filter': True, 'augmentation': False, '_wandb': {}}
2025-05-14 00:15:17,966 INFO    MainThread:1049647 [wandb_init.py:init():893] starting backend
2025-05-14 00:15:17,966 INFO    MainThread:1049647 [wandb_init.py:init():897] sending inform_init request
2025-05-14 00:15:17,968 INFO    MainThread:1049647 [backend.py:_multiprocessing_setup():101] multiprocessing start_methods=fork,spawn,forkserver, using: spawn
2025-05-14 00:15:17,968 INFO    MainThread:1049647 [wandb_init.py:init():907] backend started and connected
2025-05-14 00:15:17,970 INFO    MainThread:1049647 [wandb_run.py:_label_probe_notebook():1369] probe notebook
2025-05-14 00:15:17,970 INFO    MainThread:1049647 [wandb_run.py:_label_probe_notebook():1379] Unable to probe notebook: 'NoneType' object has no attribute 'get'
2025-05-14 00:15:17,971 INFO    MainThread:1049647 [wandb_init.py:init():1002] updated telemetry
2025-05-14 00:15:17,973 INFO    MainThread:1049647 [wandb_init.py:init():1026] communicating run to backend with 90.0 second timeout
2025-05-14 00:15:18,818 INFO    MainThread:1049647 [wandb_init.py:init():1101] starting run threads in backend
2025-05-14 00:15:19,103 INFO    MainThread:1049647 [wandb_run.py:_console_start():2566] atexit reg
2025-05-14 00:15:19,103 INFO    MainThread:1049647 [wandb_run.py:_redirect():2414] redirect: wrap_raw
2025-05-14 00:15:19,103 INFO    MainThread:1049647 [wandb_run.py:_redirect():2483] Wrapping output streams.
2025-05-14 00:15:19,103 INFO    MainThread:1049647 [wandb_run.py:_redirect():2506] Redirects installed.
2025-05-14 00:15:19,104 INFO    MainThread:1049647 [wandb_init.py:init():1147] run started, returning control to user process
2025-05-14 00:21:35,386 INFO    MainThread:1049647 [wandb_run.py:_config_callback():1429] config_cb ('_wandb', 'visualize', 'conf_matrix') {'panel_type': 'Vega2', 'panel_config': {'panelDefId': 'wandb/confusion_matrix/v1', 'fieldSettings': {'Actual': 'Actual', 'Predicted': 'Predicted', 'nPredictions': 'nPredictions'}, 'stringSettings': {'title': 'Confusion Matrix Curve'}, 'transform': {'name': 'tableWithLeafColNames'}, 'userQuery': {'queryFields': [{'name': 'runSets', 'args': [{'name': 'runSets', 'value': '${runSets}'}], 'fields': [{'name': 'id', 'fields': []}, {'name': 'name', 'fields': []}, {'name': '_defaultColorIndex', 'fields': []}, {'name': 'summaryTable', 'args': [{'name': 'tableKey', 'value': 'conf_matrix_table'}], 'fields': []}]}]}}} None
2025-05-14 00:21:36,187 INFO    MainThread:1049647 [wandb_run.py:_finish():2314] finishing run luiscantodd-tec-costa-rica/Audio-mnist/8m0s6a1p
2025-05-14 00:21:36,187 INFO    MainThread:1049647 [wandb_run.py:_atexit_cleanup():2531] got exitcode: 0
2025-05-14 00:21:36,188 INFO    MainThread:1049647 [wandb_run.py:_restore():2513] restore
2025-05-14 00:21:36,188 INFO    MainThread:1049647 [wandb_run.py:_restore():2519] restore done
2025-05-14 00:21:37,935 INFO    MainThread:1049647 [wandb_run.py:_footer_history_summary_info():4160] rendering history
2025-05-14 00:21:37,935 INFO    MainThread:1049647 [wandb_run.py:_footer_history_summary_info():4192] rendering summary
2025-05-14 00:21:37,938 INFO    MainThread:1049647 [wandb_run.py:_footer_sync_info():4121] logging synced files
