2025-05-14 17:26:03,646 INFO    MainThread:1144300 [wandb_init.py:setup_run_log_directory():724] Logging user logs to /home/lnavarro/tec/iap2/wandb/run-20250514_172603-hc1xqo1p/logs/debug.log
2025-05-14 17:26:03,647 INFO    MainThread:1144300 [wandb_init.py:setup_run_log_directory():725] Logging internal logs to /home/lnavarro/tec/iap2/wandb/run-20250514_172603-hc1xqo1p/logs/debug-internal.log
2025-05-14 17:26:03,647 INFO    MainThread:1144300 [wandb_init.py:init():852] calling init triggers
2025-05-14 17:26:03,647 INFO    MainThread:1144300 [wandb_init.py:init():857] wandb.init called with sweep_config: {}
config: {'epochs': 20, 'batch_size': 32, 'learning_rate': 0.0002, 'architecture': 'ResNet18Audio', 'input_size': '1x224x224', 'num_classes': 10, 'bilateral_filter': True, 'augmentation': True, '_wandb': {}}
2025-05-14 17:26:05,222 INFO    MainThread:1144300 [wandb_init.py:init():893] starting backend
2025-05-14 17:26:05,222 INFO    MainThread:1144300 [wandb_init.py:init():897] sending inform_init request
2025-05-14 17:26:05,224 INFO    MainThread:1144300 [backend.py:_multiprocessing_setup():101] multiprocessing start_methods=fork,spawn,forkserver, using: spawn
2025-05-14 17:26:05,224 INFO    MainThread:1144300 [wandb_init.py:init():907] backend started and connected
2025-05-14 17:26:05,226 INFO    MainThread:1144300 [wandb_run.py:_label_probe_notebook():1369] probe notebook
2025-05-14 17:26:05,227 INFO    MainThread:1144300 [wandb_run.py:_label_probe_notebook():1379] Unable to probe notebook: 'NoneType' object has no attribute 'get'
2025-05-14 17:26:05,227 INFO    MainThread:1144300 [wandb_init.py:init():1002] updated telemetry
2025-05-14 17:26:05,229 INFO    MainThread:1144300 [wandb_init.py:init():1026] communicating run to backend with 90.0 second timeout
2025-05-14 17:26:06,177 INFO    MainThread:1144300 [wandb_init.py:init():1101] starting run threads in backend
2025-05-14 17:26:09,989 INFO    MainThread:1144300 [wandb_run.py:_console_start():2566] atexit reg
2025-05-14 17:26:09,989 INFO    MainThread:1144300 [wandb_run.py:_redirect():2414] redirect: wrap_raw
2025-05-14 17:26:09,990 INFO    MainThread:1144300 [wandb_run.py:_redirect():2483] Wrapping output streams.
2025-05-14 17:26:09,990 INFO    MainThread:1144300 [wandb_run.py:_redirect():2506] Redirects installed.
2025-05-14 17:26:09,991 INFO    MainThread:1144300 [wandb_init.py:init():1147] run started, returning control to user process
2025-05-14 19:49:40,910 INFO    MainThread:1144300 [wandb_run.py:_config_callback():1429] config_cb ('_wandb', 'visualize', 'conf_matrix') {'panel_type': 'Vega2', 'panel_config': {'panelDefId': 'wandb/confusion_matrix/v1', 'fieldSettings': {'Actual': 'Actual', 'Predicted': 'Predicted', 'nPredictions': 'nPredictions'}, 'stringSettings': {'title': 'Confusion Matrix Curve'}, 'transform': {'name': 'tableWithLeafColNames'}, 'userQuery': {'queryFields': [{'name': 'runSets', 'args': [{'name': 'runSets', 'value': '${runSets}'}], 'fields': [{'name': 'id', 'fields': []}, {'name': 'name', 'fields': []}, {'name': '_defaultColorIndex', 'fields': []}, {'name': 'summaryTable', 'args': [{'name': 'tableKey', 'value': 'conf_matrix_table'}], 'fields': []}]}]}}} None
