2025-05-13 14:56:02,136 INFO    MainThread:952291 [wandb_init.py:setup_run_log_directory():724] Logging user logs to /home/lnavarro/tec/iap2/wandb/run-20250513_145601-qa4ni178/logs/debug.log
2025-05-13 14:56:02,136 INFO    MainThread:952291 [wandb_init.py:setup_run_log_directory():725] Logging internal logs to /home/lnavarro/tec/iap2/wandb/run-20250513_145601-qa4ni178/logs/debug-internal.log
2025-05-13 14:56:02,136 INFO    MainThread:952291 [wandb_init.py:init():852] calling init triggers
2025-05-13 14:56:02,136 INFO    MainThread:952291 [wandb_init.py:init():857] wandb.init called with sweep_config: {}
config: {'epochs': 15, 'batch_size': 32, 'learning_rate': 0.0001, 'architecture': 'ResNet18Audio', 'input_size': '1x224x224', 'num_classes': 10, 'bilateral_filter': True, 'augmentation': False, '_wandb': {}}
2025-05-13 14:56:03,449 INFO    MainThread:952291 [wandb_init.py:init():893] starting backend
2025-05-13 14:56:03,449 INFO    MainThread:952291 [wandb_init.py:init():897] sending inform_init request
2025-05-13 14:56:03,451 INFO    MainThread:952291 [backend.py:_multiprocessing_setup():101] multiprocessing start_methods=fork,spawn,forkserver, using: spawn
2025-05-13 14:56:03,452 INFO    MainThread:952291 [wandb_init.py:init():907] backend started and connected
2025-05-13 14:56:03,454 INFO    MainThread:952291 [wandb_run.py:_label_probe_notebook():1369] probe notebook
2025-05-13 14:56:03,454 INFO    MainThread:952291 [wandb_run.py:_label_probe_notebook():1379] Unable to probe notebook: 'NoneType' object has no attribute 'get'
2025-05-13 14:56:03,454 INFO    MainThread:952291 [wandb_init.py:init():1002] updated telemetry
2025-05-13 14:56:03,456 INFO    MainThread:952291 [wandb_init.py:init():1026] communicating run to backend with 90.0 second timeout
2025-05-13 14:56:04,539 INFO    MainThread:952291 [wandb_init.py:init():1101] starting run threads in backend
2025-05-13 14:56:04,850 INFO    MainThread:952291 [wandb_run.py:_console_start():2566] atexit reg
2025-05-13 14:56:04,850 INFO    MainThread:952291 [wandb_run.py:_redirect():2414] redirect: wrap_raw
2025-05-13 14:56:04,850 INFO    MainThread:952291 [wandb_run.py:_redirect():2483] Wrapping output streams.
2025-05-13 14:56:04,850 INFO    MainThread:952291 [wandb_run.py:_redirect():2506] Redirects installed.
2025-05-13 14:56:04,851 INFO    MainThread:952291 [wandb_init.py:init():1147] run started, returning control to user process
2025-05-13 14:58:47,490 INFO    MainThread:952291 [wandb_run.py:_finish():2314] finishing run luiscantodd-tec-costa-rica/Audio-mnist/qa4ni178
2025-05-13 14:58:47,490 INFO    MainThread:952291 [wandb_run.py:_atexit_cleanup():2531] got exitcode: 0
2025-05-13 14:58:47,491 INFO    MainThread:952291 [wandb_run.py:_restore():2513] restore
2025-05-13 14:58:47,491 INFO    MainThread:952291 [wandb_run.py:_restore():2519] restore done
2025-05-13 14:58:48,830 INFO    MainThread:952291 [wandb_run.py:_footer_history_summary_info():4160] rendering history
2025-05-13 14:58:48,830 INFO    MainThread:952291 [wandb_run.py:_footer_history_summary_info():4192] rendering summary
2025-05-13 14:58:48,830 INFO    MainThread:952291 [wandb_run.py:_footer_sync_info():4121] logging synced files
