2025-05-12 13:16:53,448 INFO    MainThread:23551 [wandb_setup.py:_flush():68] Current SDK version is 0.19.10
2025-05-12 13:16:53,448 INFO    MainThread:23551 [wandb_setup.py:_flush():68] Configure stats pid to 23551
2025-05-12 13:16:53,448 INFO    MainThread:23551 [wandb_setup.py:_flush():68] Loading settings from /home/todd/.config/wandb/settings
2025-05-12 13:16:53,448 INFO    MainThread:23551 [wandb_setup.py:_flush():68] Loading settings from /home/todd/universidad/ia/ai-projects/proyecto-2/wandb/settings
2025-05-12 13:16:53,448 INFO    MainThread:23551 [wandb_setup.py:_flush():68] Loading settings from environment variables
2025-05-12 13:16:53,448 INFO    MainThread:23551 [wandb_init.py:setup_run_log_directory():724] Logging user logs to /home/todd/universidad/ia/ai-projects/proyecto-2/wandb/run-20250512_131653-2oymtzhu/logs/debug.log
2025-05-12 13:16:53,448 INFO    MainThread:23551 [wandb_init.py:setup_run_log_directory():725] Logging internal logs to /home/todd/universidad/ia/ai-projects/proyecto-2/wandb/run-20250512_131653-2oymtzhu/logs/debug-internal.log
2025-05-12 13:16:53,449 INFO    MainThread:23551 [wandb_init.py:monkeypatch_ipython():643] configuring jupyter hooks <wandb.sdk.wandb_init._WandbInit object at 0x7f812250dd10>
2025-05-12 13:16:53,449 INFO    MainThread:23551 [wandb_init.py:init():852] calling init triggers
2025-05-12 13:16:53,449 INFO    MainThread:23551 [wandb_init.py:init():857] wandb.init called with sweep_config: {}
config: {'epochs': 15, 'batch_size': 32, 'learning_rate': 0.0001, 'architecture': 'LeNet5Audio', 'input_size': '1x224x224', '_wandb': {}}
2025-05-12 13:16:53,449 INFO    MainThread:23551 [wandb_init.py:init():893] starting backend
2025-05-12 13:16:53,449 INFO    MainThread:23551 [wandb_init.py:init():897] sending inform_init request
2025-05-12 13:16:53,452 INFO    MainThread:23551 [backend.py:_multiprocessing_setup():101] multiprocessing start_methods=fork,spawn,forkserver, using: spawn
2025-05-12 13:16:53,452 INFO    MainThread:23551 [wandb_init.py:init():907] backend started and connected
2025-05-12 13:16:53,455 INFO    MainThread:23551 [wandb_run.py:_label_probe_notebook():1369] probe notebook
2025-05-12 13:16:53,455 INFO    MainThread:23551 [wandb_init.py:init():1002] updated telemetry
2025-05-12 13:16:53,460 INFO    MainThread:23551 [wandb_init.py:init():1026] communicating run to backend with 90.0 second timeout
2025-05-12 13:16:54,083 INFO    MainThread:23551 [wandb_init.py:init():1101] starting run threads in backend
2025-05-12 13:16:54,156 INFO    MainThread:23551 [wandb_run.py:_console_start():2566] atexit reg
2025-05-12 13:16:54,157 INFO    MainThread:23551 [wandb_run.py:_redirect():2414] redirect: wrap_raw
2025-05-12 13:16:54,157 INFO    MainThread:23551 [wandb_run.py:_redirect():2483] Wrapping output streams.
2025-05-12 13:16:54,157 INFO    MainThread:23551 [wandb_run.py:_redirect():2506] Redirects installed.
2025-05-12 13:16:54,159 INFO    MainThread:23551 [wandb_init.py:init():1147] run started, returning control to user process
2025-05-12 13:16:54,160 INFO    MainThread:23551 [wandb_init.py:_post_run_cell_hook():613] [no run ID] resuming backend
2025-05-12 13:17:16,072 INFO    MainThread:23551 [jupyter.py:save_ipynb():401] [no run ID] not saving jupyter notebook
2025-05-12 13:17:16,072 INFO    MainThread:23551 [wandb_init.py:_pre_run_cell_hook():602] [no run ID] pausing backend
2025-05-12 13:17:16,074 INFO    MainThread:23551 [wandb_init.py:_post_run_cell_hook():613] [no run ID] resuming backend
2025-05-12 13:17:20,332 INFO    MainThread:23551 [jupyter.py:save_ipynb():401] [no run ID] not saving jupyter notebook
2025-05-12 13:17:20,332 INFO    MainThread:23551 [wandb_init.py:_pre_run_cell_hook():602] [no run ID] pausing backend
2025-05-12 13:17:20,333 INFO    MainThread:23551 [wandb_init.py:_post_run_cell_hook():613] [no run ID] resuming backend
2025-05-12 13:17:33,098 INFO    MainThread:23551 [jupyter.py:save_ipynb():401] [no run ID] not saving jupyter notebook
2025-05-12 13:17:33,098 INFO    MainThread:23551 [wandb_init.py:_pre_run_cell_hook():602] [no run ID] pausing backend
