2025-05-14 19:22:57,028 INFO    MainThread:954407 [wandb_init.py:setup_run_log_directory():724] Logging user logs to /home/lnavarro/tec/iap2/wandb/run-20250514_192256-yfuu3jxf/logs/debug.log
2025-05-14 19:22:57,029 INFO    MainThread:954407 [wandb_init.py:setup_run_log_directory():725] Logging internal logs to /home/lnavarro/tec/iap2/wandb/run-20250514_192256-yfuu3jxf/logs/debug-internal.log
2025-05-14 19:22:57,029 INFO    MainThread:954407 [wandb_init.py:init():852] calling init triggers
2025-05-14 19:22:57,029 INFO    MainThread:954407 [wandb_init.py:init():857] wandb.init called with sweep_config: {}
config: {'epochs': 20, 'batch_size': 32, 'learning_rate': 9e-05, 'architecture': 'LeNet5Audio', 'input_size': '1x224x224', 'num_classes': 10, 'bilateral_filter': True, 'augmentation': True, '_wandb': {}}
2025-05-14 19:22:58,429 INFO    MainThread:954407 [wandb_init.py:init():893] starting backend
2025-05-14 19:22:58,429 INFO    MainThread:954407 [wandb_init.py:init():897] sending inform_init request
2025-05-14 19:22:58,431 INFO    MainThread:954407 [backend.py:_multiprocessing_setup():101] multiprocessing start_methods=fork,spawn,forkserver, using: spawn
2025-05-14 19:22:58,431 INFO    MainThread:954407 [wandb_init.py:init():907] backend started and connected
2025-05-14 19:22:58,434 INFO    MainThread:954407 [wandb_run.py:_label_probe_notebook():1369] probe notebook
2025-05-14 19:22:58,434 INFO    MainThread:954407 [wandb_run.py:_label_probe_notebook():1379] Unable to probe notebook: 'NoneType' object has no attribute 'get'
2025-05-14 19:22:58,434 INFO    MainThread:954407 [wandb_init.py:init():1002] updated telemetry
2025-05-14 19:22:58,437 INFO    MainThread:954407 [wandb_init.py:init():1026] communicating run to backend with 90.0 second timeout
2025-05-14 19:22:59,628 INFO    MainThread:954407 [wandb_init.py:init():1101] starting run threads in backend
2025-05-14 19:23:04,717 INFO    MainThread:954407 [wandb_run.py:_console_start():2566] atexit reg
2025-05-14 19:23:04,718 INFO    MainThread:954407 [wandb_run.py:_redirect():2414] redirect: wrap_raw
2025-05-14 19:23:04,718 INFO    MainThread:954407 [wandb_run.py:_redirect():2483] Wrapping output streams.
2025-05-14 19:23:04,718 INFO    MainThread:954407 [wandb_run.py:_redirect():2506] Redirects installed.
2025-05-14 19:23:04,719 INFO    MainThread:954407 [wandb_init.py:init():1147] run started, returning control to user process
2025-05-14 21:32:49,698 INFO    MainThread:954407 [wandb_run.py:_config_callback():1429] config_cb ('_wandb', 'visualize', 'conf_matrix') {'panel_type': 'Vega2', 'panel_config': {'panelDefId': 'wandb/confusion_matrix/v1', 'fieldSettings': {'Actual': 'Actual', 'Predicted': 'Predicted', 'nPredictions': 'nPredictions'}, 'stringSettings': {'title': 'Confusion Matrix Curve'}, 'transform': {'name': 'tableWithLeafColNames'}, 'userQuery': {'queryFields': [{'name': 'runSets', 'args': [{'name': 'runSets', 'value': '${runSets}'}], 'fields': [{'name': 'id', 'fields': []}, {'name': 'name', 'fields': []}, {'name': '_defaultColorIndex', 'fields': []}, {'name': 'summaryTable', 'args': [{'name': 'tableKey', 'value': 'conf_matrix_table'}], 'fields': []}]}]}}} None
