2025-05-13 14:58:47,486 INFO    MainThread:952291 [wandb_init.py:setup_run_log_directory():724] Logging user logs to /home/lnavarro/tec/iap2/wandb/run-20250513_145847-7uvd3wrr/logs/debug.log
2025-05-13 14:58:47,486 INFO    MainThread:952291 [wandb_init.py:setup_run_log_directory():725] Logging internal logs to /home/lnavarro/tec/iap2/wandb/run-20250513_145847-7uvd3wrr/logs/debug-internal.log
2025-05-13 14:58:47,487 INFO    MainThread:952291 [wandb_init.py:monkeypatch_ipython():643] configuring jupyter hooks <wandb.sdk.wandb_init._WandbInit object at 0x7f622eae1d50>
2025-05-13 14:58:47,487 INFO    MainThread:952291 [wandb_init.py:init():852] calling init triggers
2025-05-13 14:58:47,487 INFO    MainThread:952291 [wandb_init.py:init():857] wandb.init called with sweep_config: {}
config: {'epochs': 15, 'batch_size': 32, 'learning_rate': 8e-05, 'architecture': 'ResNet18Audio', 'input_size': '1x224x224', 'num_classes': 10, 'bilateral_filter': True, 'augmentation': True, '_wandb': {}}
2025-05-13 14:58:48,937 INFO    MainThread:952291 [wandb_init.py:init():893] starting backend
2025-05-13 14:58:48,937 INFO    MainThread:952291 [wandb_init.py:init():897] sending inform_init request
2025-05-13 14:58:48,939 INFO    MainThread:952291 [backend.py:_multiprocessing_setup():101] multiprocessing start_methods=fork,spawn,forkserver, using: spawn
2025-05-13 14:58:48,939 INFO    MainThread:952291 [wandb_init.py:init():907] backend started and connected
2025-05-13 14:58:48,941 INFO    MainThread:952291 [wandb_run.py:_label_probe_notebook():1369] probe notebook
2025-05-13 14:58:48,941 INFO    MainThread:952291 [wandb_run.py:_label_probe_notebook():1379] Unable to probe notebook: 'NoneType' object has no attribute 'get'
2025-05-13 14:58:48,941 INFO    MainThread:952291 [wandb_init.py:init():1002] updated telemetry
2025-05-13 14:58:49,018 INFO    MainThread:952291 [wandb_init.py:init():1026] communicating run to backend with 90.0 second timeout
2025-05-13 14:58:49,929 INFO    MainThread:952291 [wandb_init.py:init():1101] starting run threads in backend
2025-05-13 14:58:50,184 INFO    MainThread:952291 [wandb_run.py:_console_start():2566] atexit reg
2025-05-13 14:58:50,184 INFO    MainThread:952291 [wandb_run.py:_redirect():2414] redirect: wrap_raw
2025-05-13 14:58:50,184 INFO    MainThread:952291 [wandb_run.py:_redirect():2483] Wrapping output streams.
2025-05-13 14:58:50,184 INFO    MainThread:952291 [wandb_run.py:_redirect():2506] Redirects installed.
2025-05-13 14:58:50,185 INFO    MainThread:952291 [wandb_init.py:init():1147] run started, returning control to user process
2025-05-13 15:00:23,433 INFO    MainThread:952291 [wandb_init.py:_post_run_cell_hook():613] [no run ID] resuming backend
2025-05-13 15:02:21,440 INFO    MsgRouterThr:952291 [mailbox.py:close():129] [no run ID] Closing mailbox, abandoning 13 handles.
