2025-05-14 08:24:32,690 INFO    MainThread:1144300 [wandb_setup.py:_flush():68] Current SDK version is 0.19.10
2025-05-14 08:24:32,690 INFO    MainThread:1144300 [wandb_setup.py:_flush():68] Configure stats pid to 1144300
2025-05-14 08:24:32,690 INFO    MainThread:1144300 [wandb_setup.py:_flush():68] Loading settings from /home/lnavarro/.config/wandb/settings
2025-05-14 08:24:32,690 INFO    MainThread:1144300 [wandb_setup.py:_flush():68] Loading settings from /home/lnavarro/tec/iap2/wandb/settings
2025-05-14 08:24:32,690 INFO    MainThread:1144300 [wandb_setup.py:_flush():68] Loading settings from environment variables
2025-05-14 08:24:32,691 INFO    MainThread:1144300 [wandb_init.py:setup_run_log_directory():724] Logging user logs to /home/lnavarro/tec/iap2/wandb/run-20250514_082432-bwcry5xd/logs/debug.log
2025-05-14 08:24:32,691 INFO    MainThread:1144300 [wandb_init.py:setup_run_log_directory():725] Logging internal logs to /home/lnavarro/tec/iap2/wandb/run-20250514_082432-bwcry5xd/logs/debug-internal.log
2025-05-14 08:24:32,691 INFO    MainThread:1144300 [wandb_init.py:monkeypatch_ipython():643] configuring jupyter hooks <wandb.sdk.wandb_init._WandbInit object at 0x7f8b219e0610>
2025-05-14 08:24:32,691 INFO    MainThread:1144300 [wandb_init.py:init():852] calling init triggers
2025-05-14 08:24:32,691 INFO    MainThread:1144300 [wandb_init.py:init():857] wandb.init called with sweep_config: {}
config: {'epochs': 4, 'batch_size': 32, 'learning_rate': 0.0003, 'architecture': 'ResNet18Audio', 'input_size': '1x224x224', 'num_classes': 10, 'bilateral_filter': False, 'augmentation': False, '_wandb': {}}
2025-05-14 08:24:32,692 INFO    MainThread:1144300 [wandb_init.py:init():893] starting backend
2025-05-14 08:24:32,692 INFO    MainThread:1144300 [wandb_init.py:init():897] sending inform_init request
2025-05-14 08:24:32,698 INFO    MainThread:1144300 [backend.py:_multiprocessing_setup():101] multiprocessing start_methods=fork,spawn,forkserver, using: spawn
2025-05-14 08:24:32,698 INFO    MainThread:1144300 [wandb_init.py:init():907] backend started and connected
2025-05-14 08:24:32,701 INFO    MainThread:1144300 [wandb_run.py:_label_probe_notebook():1369] probe notebook
2025-05-14 08:24:32,701 INFO    MainThread:1144300 [wandb_run.py:_label_probe_notebook():1379] Unable to probe notebook: 'NoneType' object has no attribute 'get'
2025-05-14 08:24:32,702 INFO    MainThread:1144300 [wandb_init.py:init():1002] updated telemetry
2025-05-14 08:24:32,774 INFO    MainThread:1144300 [wandb_init.py:init():1026] communicating run to backend with 90.0 second timeout
2025-05-14 08:24:33,597 INFO    MainThread:1144300 [wandb_init.py:init():1101] starting run threads in backend
2025-05-14 08:24:34,089 INFO    MainThread:1144300 [wandb_run.py:_console_start():2566] atexit reg
2025-05-14 08:24:34,089 INFO    MainThread:1144300 [wandb_run.py:_redirect():2414] redirect: wrap_raw
2025-05-14 08:24:34,089 INFO    MainThread:1144300 [wandb_run.py:_redirect():2483] Wrapping output streams.
2025-05-14 08:24:34,089 INFO    MainThread:1144300 [wandb_run.py:_redirect():2506] Redirects installed.
2025-05-14 08:24:34,093 INFO    MainThread:1144300 [wandb_init.py:init():1147] run started, returning control to user process
2025-05-14 08:34:06,798 INFO    MainThread:1144300 [wandb_run.py:_config_callback():1429] config_cb ('_wandb', 'visualize', 'conf_matrix') {'panel_type': 'Vega2', 'panel_config': {'panelDefId': 'wandb/confusion_matrix/v1', 'fieldSettings': {'Actual': 'Actual', 'Predicted': 'Predicted', 'nPredictions': 'nPredictions'}, 'stringSettings': {'title': 'Confusion Matrix Curve'}, 'transform': {'name': 'tableWithLeafColNames'}, 'userQuery': {'queryFields': [{'name': 'runSets', 'args': [{'name': 'runSets', 'value': '${runSets}'}], 'fields': [{'name': 'id', 'fields': []}, {'name': 'name', 'fields': []}, {'name': '_defaultColorIndex', 'fields': []}, {'name': 'summaryTable', 'args': [{'name': 'tableKey', 'value': 'conf_matrix_table'}], 'fields': []}]}]}}} None
2025-05-14 08:34:08,080 INFO    MainThread:1144300 [wandb_init.py:_post_run_cell_hook():613] [no run ID] resuming backend
2025-05-14 08:55:07,759 INFO    MainThread:1144300 [jupyter.py:save_ipynb():401] [no run ID] not saving jupyter notebook
2025-05-14 08:55:07,760 INFO    MainThread:1144300 [wandb_init.py:_pre_run_cell_hook():602] [no run ID] pausing backend
2025-05-14 08:55:07,762 INFO    MainThread:1144300 [wandb_init.py:_post_run_cell_hook():613] [no run ID] resuming backend
2025-05-14 08:55:07,778 INFO    MainThread:1144300 [jupyter.py:save_ipynb():401] [no run ID] not saving jupyter notebook
2025-05-14 08:55:07,778 INFO    MainThread:1144300 [wandb_init.py:_pre_run_cell_hook():602] [no run ID] pausing backend
2025-05-14 08:55:09,265 INFO    MainThread:1144300 [wandb_init.py:_post_run_cell_hook():613] [no run ID] resuming backend
2025-05-14 08:55:09,271 INFO    MainThread:1144300 [jupyter.py:save_ipynb():401] [no run ID] not saving jupyter notebook
2025-05-14 08:55:09,271 INFO    MainThread:1144300 [wandb_init.py:_pre_run_cell_hook():602] [no run ID] pausing backend
2025-05-14 08:55:09,272 INFO    MainThread:1144300 [wandb_init.py:_post_run_cell_hook():613] [no run ID] resuming backend
2025-05-14 08:55:09,280 INFO    MainThread:1144300 [jupyter.py:save_ipynb():401] [no run ID] not saving jupyter notebook
2025-05-14 08:55:09,281 INFO    MainThread:1144300 [wandb_init.py:_pre_run_cell_hook():602] [no run ID] pausing backend
2025-05-14 08:55:09,460 INFO    MainThread:1144300 [wandb_init.py:_post_run_cell_hook():613] [no run ID] resuming backend
2025-05-14 08:55:09,472 INFO    MainThread:1144300 [jupyter.py:save_ipynb():401] [no run ID] not saving jupyter notebook
2025-05-14 08:55:09,472 INFO    MainThread:1144300 [wandb_init.py:_pre_run_cell_hook():602] [no run ID] pausing backend
2025-05-14 08:55:09,610 INFO    MainThread:1144300 [wandb_init.py:_post_run_cell_hook():613] [no run ID] resuming backend
2025-05-14 08:55:09,623 INFO    MainThread:1144300 [jupyter.py:save_ipynb():401] [no run ID] not saving jupyter notebook
2025-05-14 08:55:09,623 INFO    MainThread:1144300 [wandb_init.py:_pre_run_cell_hook():602] [no run ID] pausing backend
2025-05-14 08:55:09,718 INFO    MainThread:1144300 [wandb_init.py:_post_run_cell_hook():613] [no run ID] resuming backend
2025-05-14 08:55:09,732 INFO    MainThread:1144300 [jupyter.py:save_ipynb():401] [no run ID] not saving jupyter notebook
2025-05-14 08:55:09,732 INFO    MainThread:1144300 [wandb_init.py:_pre_run_cell_hook():602] [no run ID] pausing backend
2025-05-14 08:55:09,870 INFO    MainThread:1144300 [wandb_init.py:_post_run_cell_hook():613] [no run ID] resuming backend
2025-05-14 08:55:09,884 INFO    MainThread:1144300 [jupyter.py:save_ipynb():401] [no run ID] not saving jupyter notebook
2025-05-14 08:55:09,884 INFO    MainThread:1144300 [wandb_init.py:_pre_run_cell_hook():602] [no run ID] pausing backend
2025-05-14 08:55:10,004 INFO    MainThread:1144300 [wandb_init.py:_post_run_cell_hook():613] [no run ID] resuming backend
2025-05-14 09:16:48,202 INFO    MainThread:1144300 [jupyter.py:save_ipynb():401] [no run ID] not saving jupyter notebook
2025-05-14 09:16:48,203 INFO    MainThread:1144300 [wandb_init.py:_pre_run_cell_hook():602] [no run ID] pausing backend
2025-05-14 09:16:48,205 INFO    MainThread:1144300 [wandb_init.py:_post_run_cell_hook():613] [no run ID] resuming backend
2025-05-14 09:16:48,224 INFO    MainThread:1144300 [jupyter.py:save_ipynb():401] [no run ID] not saving jupyter notebook
2025-05-14 09:16:48,224 INFO    MainThread:1144300 [wandb_init.py:_pre_run_cell_hook():602] [no run ID] pausing backend
2025-05-14 09:16:49,507 INFO    MainThread:1144300 [wandb_init.py:_post_run_cell_hook():613] [no run ID] resuming backend
2025-05-14 09:16:49,512 INFO    MainThread:1144300 [jupyter.py:save_ipynb():401] [no run ID] not saving jupyter notebook
2025-05-14 09:16:49,512 INFO    MainThread:1144300 [wandb_init.py:_pre_run_cell_hook():602] [no run ID] pausing backend
2025-05-14 09:16:49,514 INFO    MainThread:1144300 [wandb_init.py:_post_run_cell_hook():613] [no run ID] resuming backend
2025-05-14 09:16:49,523 INFO    MainThread:1144300 [jupyter.py:save_ipynb():401] [no run ID] not saving jupyter notebook
2025-05-14 09:16:49,523 INFO    MainThread:1144300 [wandb_init.py:_pre_run_cell_hook():602] [no run ID] pausing backend
2025-05-14 09:16:49,741 INFO    MainThread:1144300 [wandb_init.py:_post_run_cell_hook():613] [no run ID] resuming backend
2025-05-14 09:16:49,752 INFO    MainThread:1144300 [jupyter.py:save_ipynb():401] [no run ID] not saving jupyter notebook
2025-05-14 09:16:49,752 INFO    MainThread:1144300 [wandb_init.py:_pre_run_cell_hook():602] [no run ID] pausing backend
2025-05-14 09:16:49,890 INFO    MainThread:1144300 [wandb_init.py:_post_run_cell_hook():613] [no run ID] resuming backend
2025-05-14 09:16:49,904 INFO    MainThread:1144300 [jupyter.py:save_ipynb():401] [no run ID] not saving jupyter notebook
2025-05-14 09:16:49,904 INFO    MainThread:1144300 [wandb_init.py:_pre_run_cell_hook():602] [no run ID] pausing backend
2025-05-14 09:16:49,999 INFO    MainThread:1144300 [wandb_init.py:_post_run_cell_hook():613] [no run ID] resuming backend
2025-05-14 09:16:50,015 INFO    MainThread:1144300 [jupyter.py:save_ipynb():401] [no run ID] not saving jupyter notebook
2025-05-14 09:16:50,015 INFO    MainThread:1144300 [wandb_init.py:_pre_run_cell_hook():602] [no run ID] pausing backend
2025-05-14 09:16:50,116 INFO    MainThread:1144300 [wandb_init.py:_post_run_cell_hook():613] [no run ID] resuming backend
2025-05-14 09:16:50,131 INFO    MainThread:1144300 [jupyter.py:save_ipynb():401] [no run ID] not saving jupyter notebook
2025-05-14 09:16:50,132 INFO    MainThread:1144300 [wandb_init.py:_pre_run_cell_hook():602] [no run ID] pausing backend
2025-05-14 09:16:50,242 INFO    MainThread:1144300 [wandb_init.py:_post_run_cell_hook():613] [no run ID] resuming backend
2025-05-14 09:22:19,501 INFO    MainThread:1144300 [jupyter.py:save_ipynb():401] [no run ID] not saving jupyter notebook
2025-05-14 09:22:19,502 INFO    MainThread:1144300 [wandb_init.py:_pre_run_cell_hook():602] [no run ID] pausing backend
2025-05-14 09:22:19,794 INFO    MainThread:1144300 [wandb_run.py:_finish():2314] finishing run luiscantodd-tec-costa-rica/Audio-mnist/bwcry5xd
2025-05-14 09:22:19,797 INFO    MainThread:1144300 [jupyter.py:save_ipynb():401] not saving jupyter notebook
2025-05-14 09:22:19,797 INFO    MainThread:1144300 [wandb_init.py:_jupyter_teardown():628] cleaning up jupyter logic
2025-05-14 09:22:19,798 INFO    MainThread:1144300 [wandb_run.py:_atexit_cleanup():2531] got exitcode: 0
2025-05-14 09:22:19,798 INFO    MainThread:1144300 [wandb_run.py:_restore():2513] restore
2025-05-14 09:22:19,798 INFO    MainThread:1144300 [wandb_run.py:_restore():2519] restore done
2025-05-14 09:22:21,306 INFO    MainThread:1144300 [wandb_run.py:_footer_history_summary_info():4160] rendering history
2025-05-14 09:22:21,307 INFO    MainThread:1144300 [wandb_run.py:_footer_history_summary_info():4192] rendering summary
2025-05-14 09:22:21,309 INFO    MainThread:1144300 [wandb_run.py:_footer_sync_info():4121] logging synced files
